#main|__CC_arr_tests_loop_loop_c_main
0|CC0|9|rand
1|CC1|11|printf
2|CC2|14|printf
3|CC3|17|printf
4|CC4|18|rand
5|CC5|20|printf
-1||12|rand
