#rand|__BBC_arr_tests_loop_loop_c_rand
0|5|5|5|5|5|5|5|5|5|5
#main|__BBC_arr_tests_loop_loop_c_main
0|9|9|9|9|9|9|9|9|9|9|10
1|10|10|10
2|11|11|12|12|12|12|13|13|13
3|14|15
4|17
5|18|18|18|19
6|20|20|21|21
