#rand|__FC_arr_tests_loop_loop_c_rand
#main|__FC_arr_tests_loop_loop_c_main
