#main|__CC_arr_main
0|9|foo
1|400|foo
2|401|printf
