WARNING: instrumentation not done for function main due to large path count.  Path info will be missing!
