#
foo
1|EXIT
0|ENTRY|4|4|4|4|4|4|4|-1|4
$
0->1|0$0
#
bar
3|EXIT
2|ENTRY|8|8|8|8|8|8|8|-1|8
$
2->3|0$0
#
main
5|EXIT
4|ENTRY|11|11|11|11|11|11|12|13|14|14|14
6|15|-1
7|17|-1
8|18|18|18|18|19|19|20|20
$
4->6|0$0
4->7|0$1
6->8|0$0
7->8|1$0
8->5|0$0
