#main|__CC_arr_tests_fnptr_fnptr_c_main
0|18|?
1|19|printf
