#foo|__FC_arr_tests_fnptr_fnptr_c_foo
#bar|__FC_arr_tests_fnptr_fnptr_c_bar
#main|__FC_arr_tests_fnptr_fnptr_c_main
