#main|__CC_arr_main
0|8|bar
1|8|boo
2|8|printf
#bar|__CC_arr_bar
0|6|foo
