#
main
1|EXIT
0|ENTRY|8|8|8|8|8|8|8|-1|9
$
0->1|0$0
#
foo
1|EXIT
0|ENTRY|2|2|2|-1|2
$
0->1|0$0
#
bar
3|EXIT
2|ENTRY|6|6|6|6|-1|6
$
2->3|0$0
#
boo
5|EXIT
4|ENTRY|10|10|10|-1|10
$
4->5|0$0
