#
rand
1|EXIT
0|ENTRY|1|1|1|1|3|3|3|3|3|3|-1|3
$
0->1|0$0
#
main
3|EXIT
2|ENTRY|11|11|11|11|11|12|12|13|13|13|14|15|17|18|20|21
4|21|21|21|21
5|22|22|22|22|23|23|23|23|24|24|24|24|24|24|24|24|25|25|25
6|-1|28|28|28|28|28|28|28|29|29|29|30|30
7|26|26|26
10|NULL
8|NULL
9|21|21|21|-1
$
2->4|0$0
4->5|0$0
4->6|2$2
5->7|0$0
5->10|1$1
6->3|0$0
7->8|0$0
10->8|0$0
8->9|0$0
9~>4|3$3
