#main|__FC_arr_tests_multifile_user_c_main
#foo|__FC_arr_tests_multifile_definer_c_foo
#bar|__FC_arr_tests_multifile_definer_c_bar
#boo|__FC_arr_tests_multifile_definer_c_boo
