#main|__BBC_arr_tests_multifile_user_c_main
0|8|8|8|8|8|8|8|8|8|8|9
#foo|__BBC_arr_tests_multifile_definer_c_foo
0|2|2|2|2|2
#bar|__BBC_arr_tests_multifile_definer_c_bar
0|6|6|6|6|6|6|6|6
#boo|__BBC_arr_tests_multifile_definer_c_boo
0|10|10|10|10|10
