#foo|__FC_arr_tests_lotsofifs_lotsofifs_c_foo
#main|__FC_arr_tests_lotsofifs_lotsofifs_c_main
