#main|__CC_arr_tests_lotsofifs_lotsofifs_c_main
0|9|foo
1|400|foo
2|401|printf
