#foo|__BBC_arr_tests_lotsofifs_lotsofifs_c_foo
0|4|4|4|4|4
#main|__BBC_arr_tests_lotsofifs_lotsofifs_c_main
0|8|8|8|8|8|8|8|9|9|9|10|10|10|10
1|11|11|11|11
2|12|12|12|12
3|13|13|13|13
4|14|14|14|14
5|15|15|15|15
6|16|16|16|16
7|17|17|17|17
8|18|18|18|18
9|19|19|19|19
10|20|20|20|20
11|21|21|21|21
12|22|22|22|22
13|23|23|23|23
14|24|24|24|24
15|25|25|25|25
16|26|26|26|26
17|27|27|27|27
18|28|28|28|28
19|29|29|29|29
20|30|30|30|30
21|31|31|31|31
22|32|32|32|32
23|33|33|33|33
24|34|34|34|34
25|35|35|35|35
26|36|36|36|36
27|37|37|37|37
28|38|38|38|38
29|39|39|39|39
30|40|40|40|40
31|41|41|41|41
32|42|42|42|42
33|43|43|43|43
34|44|44|44|44
35|45|45|45|45
36|46|46|46|46
37|47|47|47|47
38|48|48|48|48
39|49|49|49|49
40|50|50|50|50
41|51|51|51|51
42|52|52|52|52
43|53|53|53|53
44|54|54|54|54
45|55|55|55|55
46|56|56|56|56
47|57|57|57|57
48|58|58|58|58
49|59|59|59|59
50|60|60|60|60
51|61|61|61|61
52|62|62|62|62
53|63|63|63|63
54|64|64|64|64
55|65|65|65|65
56|66|66|66|66
57|67|67|67|67
58|68|68|68|68
59|69|69|69|69
60|70|70|70|70
61|71|71|71|71
62|72|72|72|72
63|73|73|73|73
64|74|74|74|74
65|75|75|75|75
66|76|76|76|76
67|77|77|77|77
68|78|78|78|78
69|79|79|79|79
70|80|80|80|80
71|81|81|81|81
72|82|82|82|82
73|83|83|83|83
74|84|84|84|84
75|85|85|85|85
76|86|86|86|86
77|87|87|87|87
78|88|88|88|88
79|89|89|89|89
80|90|90|90|90
81|91|91|91|91
82|92|92|92|92
83|93|93|93|93
84|94|94|94|94
85|95|95|95|95
86|96|96|96|96
87|97|97|97|97
88|98|98|98|98
89|99|99|99|99
90|100|100|100|100
91|101|101|101|101
92|102|102|102|102
93|103|103|103|103
94|104|104|104|104
95|105|105|105|105
96|106|106|106|106
97|107|107|107|107
98|108|108|108|108
99|109|109|109|109
100|110|110|110|110
101|111|111|111|111
102|112|112|112|112
103|113|113|113|113
104|114|114|114|114
105|115|115|115|115
106|116|116|116|116
107|117|117|117|117
108|118|118|118|118
109|119|119|119|119
110|120|120|120|120
111|121|121|121|121
112|122|122|122|122
113|123|123|123|123
114|124|124|124|124
115|125|125|125|125
116|126|126|126|126
117|127|127|127|127
118|128|128|128|128
119|129|129|129|129
120|130|130|130|130
121|131|131|131|131
122|132|132|132|132
123|133|133|133|133
124|134|134|134|134
125|135|135|135|135
126|136|136|136|136
127|137|137|137|137
128|138|138|138|138
129|139|139|139|139
130|140|140|140|140
131|141|141|141|141
132|142|142|142|142
133|143|143|143|143
134|144|144|144|144
135|145|145|145|145
136|146|146|146|146
137|147|147|147|147
138|148|148|148|148
139|149|149|149|149
140|150|150|150|150
141|151|151|151|151
142|152|152|152|152
143|153|153|153|153
144|154|154|154|154
145|155|155|155|155
146|156|156|156|156
147|157|157|157|157
148|158|158|158|158
149|159|159|159|159
150|160|160|160|160
151|161|161|161|161
152|162|162|162|162
153|163|163|163|163
154|164|164|164|164
155|165
156|166|166|166|166
157|167|167|167|167
158|168|168|168|168
159|169|169|169|169
160|170|170|170|170
161|171|171|171|171
162|172|172|172|172
163|173|173|173|173
164|174|174|174|174
165|175|175|175|175
166|176|176|176|176
167|177|177|177|177
168|178|178|178|178
169|179|179|179|179
170|180|180|180|180
171|181|181|181|181
172|182|182|182|182
173|183|183|183|183
174|184|184|184|184
175|185|185|185|185
176|186|186|186|186
177|187|187|187|187
178|188|188|188|188
179|189|189|189|189
180|190|190|190|190
181|191|191|191|191
182|192|192|192|192
183|193|193|193|193
184|194|194|194|194
185|195|195|195|195
186|196|196|196|196
187|197|197|197|197
188|198|198|198|198
189|199|199|199|199
190|200|200|200|200
191|201|201|201|201
192|202|202|202|202
193|203|203|203|203
194|204|204|204|204
195|205|205|205|205
196|206|206|206|206
197|207|207|207|207
198|208|208|208|208
199|209|209|209|209
200|210|210|210|210
201|211|211|211|211
202|212|212|212|212
203|213|213|213|213
204|214|214|214|214
205|215|215|215|215
206|216|216|216|216
207|217|217|217|217
208|218|218|218|218
209|219|219|219|219
210|220|220|220|220
211|221|221|221|221
212|222|222|222|222
213|223|223|223|223
214|224|224|224|224
215|225|225|225|225
216|226|226|226|226
217|227|227|227|227
218|228|228|228|228
219|229|229|229|229
220|230|230|230|230
221|231|231|231|231
222|232|232|232|232
223|233|233|233|233
224|234|234|234|234
225|235|235|235|235
226|236|236|236|236
227|237|237|237|237
228|238|238|238|238
229|239|239|239|239
230|240|240|240|240
231|241|241|241|241
232|242|242|242|242
233|243|243|243|243
234|244|244|244|244
235|245|245|245|245
236|246|246|246|246
237|247|247|247|247
238|248|248|248|248
239|249|249|249|249
240|250|250|250|250
241|251|251|251|251
242|252|252|252|252
243|253|253|253|253
244|254|254|254|254
245|255|255|255|255
246|256|256|256|256
247|257|257|257|257
248|258|258|258|258
249|259|259|259|259
250|260|260|260|260
251|261|261|261|261
252|262|262|262|262
253|263|263|263|263
254|264|264|264|264
255|265|265|265|265
256|266|266|266|266
257|267|267|267|267
258|268|268|268|268
259|269|269|269|269
260|270|270|270|270
261|271|271|271|271
262|272|272|272|272
263|273|273|273|273
264|274|274|274|274
265|275|275|275|275
266|276|276|276|276
267|277|277|277|277
268|278|278|278|278
269|279|279|279|279
270|280|280|280|280
271|281|281|281|281
272|282|282|282|282
273|283|283|283|283
274|284|284|284|284
275|285|285|285|285
276|286|286|286|286
277|287|287|287|287
278|288|288|288|288
279|289|289|289|289
280|290|290|290|290
281|291|291|291|291
282|292|292|292|292
283|293|293|293|293
284|294|294|294|294
285|295|295|295|295
286|296|296|296|296
287|297|297|297|297
288|298|298|298|298
289|299|299|299|299
290|300|300|300|300
291|301|301|301|301
292|302|302|302|302
293|303|303|303|303
294|304|304|304|304
295|305|305|305|305
296|306|306|306|306
297|307|307|307|307
298|308|308|308|308
299|309|309|309|309
300|310|310|310|310
301|311|311|311|311
302|312|312|312|312
303|313|313|313|313
304|314|314|314|314
305|315|315|315|315
306|316|316|316|316
307|317|317|317|317
308|318|318|318|318
309|319|319|319|319
310|320|320|320|320
311|321|321|321|321
312|322|322|322|322
313|323|323|323|323
314|324|324|324|324
315|325|325|325|325
316|326|326|326|326
317|327|327|327|327
318|328|328|328|328
319|329
320|330|330|330|330
321|331|331|331|331
322|332|332|332|332
323|333|333|333|333
324|334|334|334|334
325|335|335|335|335
326|336|336|336|336
327|337|337|337|337
328|338|338|338|338
329|339|339|339|339
330|340|340|340|340
331|341|341|341|341
332|342|342|342|342
333|343|343|343|343
334|344|344|344|344
335|345|345|345|345
336|346|346|346|346
337|347|347|347|347
338|348|348|348|348
339|349|349|349|349
340|350|350|350|350
341|351|351|351|351
342|352|352|352|352
343|353|353|353|353
344|354|354|354|354
345|355|355|355|355
346|356|356|356|356
347|357|357|357|357
348|358|358|358|358
349|359|359|359|359
350|360|360|360|360
351|361|361|361|361
352|362|362|362|362
353|363|363|363|363
354|364|364|364|364
355|365|365|365|365
356|366|366|366|366
357|367|367|367|367
358|368|368|368|368
359|369|369|369|369
360|370|370|370|370
361|371|371|371|371
362|372|372|372|372
363|373|373|373|373
364|374|374|374|374
365|375|375|375|375
366|376|376|376|376
367|377|377|377|377
368|378|378|378|378
369|379|379|379|379
370|380|380|380|380
371|381|381|381|381
372|382|382|382|382
373|383|383|383|383
374|384|384|384|384
375|385|385|385|385
376|386|386|386|386
377|387|387|387|387
378|388|388|388|388
379|389|389|389|389
380|390|390|390|390
381|391|391|391|391
382|392|392|392|392
383|393|393|393|393
384|394|394|394|394
385|395|395|395|395
386|396|396|396|396
387|397|397|397|397
388|398|398|398|398
389|399|399|399|399
390|400|400|400|400|401|401|401|401|402|402
