#main|__CC_arr_main
0|9|rand
1|11|printf
2|12|rand
3|14|printf
4|17|printf
5|18|rand
6|20|printf
