ANSWER: 8
Y= 0
ANSWER: 9
Y= 1
ANSWER: 0
Y= 1
DONE: 2
