ANSWER: 1
X is now: 13
First return was: 16
X is now: 13
Second return was: 25
