#a|__CC_arr_tests_funcs_funcs_c_a
0|CC0|14|printf
1|CC1|17|abc
-1||18|abc
-2||19|abc
-3||20|printf
#b|__CC_arr_tests_funcs_funcs_c_b
0|CC0|26|a
#main|__CC_arr_tests_funcs_funcs_c_main
0|CC0|35|a
-1||35|printf
-2||36|b
-3||36|printf
