#a|__CC_arr_tests_funcs_funcs_c_a
0|20|printf
1|14|printf
2|17|abc
3|18|abc
4|19|abc
#b|__CC_arr_tests_funcs_funcs_c_b
0|26|a
#main|__CC_arr_tests_funcs_funcs_c_main
0|35|a
1|35|printf
2|36|b
3|36|printf
