#
abc
1|EXIT
0|ENTRY|3|3|3|3|4|4|4
2|5|5|5|-1
3|8|8|8|-1
4|9|9
$
0->2|0$0
0->3|0$1
2->4|0$0
3->4|1$0
4->1|0$0
#
a
6|EXIT
5|ENTRY|11|11|11|11|12|12|12|12|12|13|13|13
7|14|-1
8|16|16|16|-1
9|17|17|17|18|18|18|19|19|19|20|20|21|21|21|21|21
$
5->7|0$0
5->8|0$1
7->9|0$0
8->9|1$0
9->6|0$0
#
b
11|EXIT
10|ENTRY|24|24|24|24|25|25|25|25|25
12|26|26|26|-1
13|27|-1
14|28|28
$
10->12|0$0
10->13|0$1
12->14|0$0
13->14|1$0
14->11|0$0
#
main
16|EXIT
15|ENTRY|31|31|31|31|31|32|32|33|33|34|34|35|35|35|36|36|36|-1|37
$
15->16|0$0
