#abc|__BBC_arr_tests_funcs_funcs_c_abc
0|3|3|3|3|3|4|4|4
1|5|5|5|5
2|8|8|8|8
3|9|9
#a|__BBC_arr_tests_funcs_funcs_c_a
0|11|11|11|11|11|11|11|12|12|12|12|12|13|13|13
1|14|14
2|16|16|16
3|17|17|17|18|18|18|19|19|19|20|20|21|21|21|21|21
#b|__BBC_arr_tests_funcs_funcs_c_b
0|24|24|24|24|24|24|24|25|25|25|25|25
1|26|26|26|26
2|27|27
3|28|28
#main|__BBC_arr_tests_funcs_funcs_c_main
0|31|31|31|31|31|31|31|31|32|32|33|33|34|34|35|35|35|36|36|36|37
