#abc|__FC_arr_tests_funcs_funcs_c_abc
#a|__FC_arr_tests_funcs_funcs_c_a
#b|__FC_arr_tests_funcs_funcs_c_b
#main|__FC_arr_tests_funcs_funcs_c_main
