#main|__CC_arr_tests_nocallmulti_user_c_main
0|6|foo
1|6|printf
