#main|__BBC_arr_tests_nocallmulti_user_c_main
0|6|6|6|6|6|6|6|6|7
#foo|__BBC_arr_tests_nocallmulti_definer_c_foo
0|2|2|2|2|2
