#foo|__FC_arr_tests_nocallmulti_definer_c_foo
#main|__FC_arr_tests_nocallmulti_user_c_main
