#
main
1|EXIT
0|ENTRY|6|6|6|6|6|-1|7
$
0->1|0$0
#
foo
1|EXIT
0|ENTRY|2|2|2|-1|2
$
0->1|0$0
