#rand|__BBC_arr_tests_pi_rand_h_rand
0|1|1|1|1|1|3|3|3|3|3|3|3
#main|__BBC_arr_tests_pi_pi_c_main
0|11|11|11|11|11|11|11|11|12|12|13|13|13|14|15|17|18|20|21|21
1|21|21|21|21
2|22|22|22|22|23|23|23|23|24|24|24|24|24|24|24|24|25|25|25
3|26|26|26|26
4|27
5|21|21|21|21
6|28|28|28|28|28|28|28|29|29|29|30|30
