#main|__CC_arr_tests_pi_pi_c_main
0|23|rand
1|17|printf
2|18|__isoc99_scanf
3|22|rand
4|29|printf
