#rand|__FC_arr_tests_pi_rand_h_rand
#main|__FC_arr_tests_pi_pi_c_main
