Enter the number of iterations used to estimate pi: # of trials= 1000 , estimate of pi is 3.116 
